
> sistema-de-mandados-pcsp@0.1.2 build
> vite build

[36mvite v6.4.1 [32mbuilding for production...[36m[39m
transforming...
[32mÔ£ô[39m 20 modules transformed.
node.exe : [31mÔ£ù[39m Build failed in 11.97s
No C:\Program Files\nodejs\npm.ps1:29 caractere:3
+   & $NODE_EXE $NPM_CLI_JS $args
+   ~~~~~~~~~~~~~~~~~~~~~~~~~~~~~
    + CategoryInfo          : NotSpecified: ([31mÔ£ù[39m Build  
   failed in 11.97s:String) [], RemoteException
    + FullyQualifiedErrorId : NativeCommandError
 
[31merror during build:
[31m[vite-plugin-pwa:build] [plugin vite-plugin-pwa:build] 
src/pages/WarrantDetail.tsx (2219:0): There was an error during 
the build:
  Transform failed with 2 errors:
C:/Users/Policial/OneDrive/├ürea de 
Trabalho/2025/sistema-de-mandados-pcsp 
(4)/src/pages/WarrantDetail.tsx:2219:0: ERROR: The character "}" 
is not valid inside a JSX element
C:/Users/Policial/OneDrive/├ürea de 
Trabalho/2025/sistema-de-mandados-pcsp 
(4)/src/pages/WarrantDetail.tsx:2222:0: ERROR: Unexpected end of 
file before a closing "div" tag
Additionally, handling the error in the 'buildEnd' hook caused 
the following error:
  Transform failed with 2 errors:
C:/Users/Policial/OneDrive/├ürea de 
Trabalho/2025/sistema-de-mandados-pcsp 
(4)/src/pages/WarrantDetail.tsx:2219:0: ERROR: The character "}" 
is not valid inside a JSX element
C:/Users/Policial/OneDrive/├ürea de 
Trabalho/2025/sistema-de-mandados-pcsp 
(4)/src/pages/WarrantDetail.tsx:2222:0: ERROR: Unexpected end of 
file before a closing "div" tag[31m
file: [36mC:/Users/Policial/OneDrive/├ürea de 
Trabalho/2025/sistema-de-mandados-pcsp 
(4)/src/pages/WarrantDetail.tsx:2219:0[31m
[33m
[33mThe character "}" is not valid inside a JSX element[33m
2217|          </div>
2218|      );
2219|  };
   |  ^
2220|  
2221|  export default WarrantDetail;

[33mUnexpected end of file before a closing "div" tag[33m
2220|  
2221|  export default WarrantDetail;
2222|  
   |  ^
[31m
    at getRollupError (file:///C:/Users/Policial/OneDrive/%C3%81re
a%20de%20Trabalho/2025/sistema-de-mandados-pcsp%20(4)/node_modules
/rollup/dist/es/shared/parseAst.js:401:41)
    at file:///C:/Users/Policial/OneDrive/%C3%81rea%20de%20Trabalh
o/2025/sistema-de-mandados-pcsp%20(4)/node_modules/rollup/dist/es/
shared/node-entry.js:23418:39
    at process.processTicksAndRejections 
(node:internal/process/task_queues:105:5)
    at async catchUnfinishedHookActions (file:///C:/Users/Policial
/OneDrive/%C3%81rea%20de%20Trabalho/2025/sistema-de-mandados-pcsp%
20(4)/node_modules/rollup/dist/es/shared/node-entry.js:22876:16)
    at async rollupInternal (file:///C:/Users/Policial/OneDrive/%C
3%81rea%20de%20Trabalho/2025/sistema-de-mandados-pcsp%20(4)/node_m
odules/rollup/dist/es/shared/node-entry.js:23401:5)
    at async buildEnvironment (file:///C:/Users/Policial/OneDrive/
%C3%81rea%20de%20Trabalho/2025/sistema-de-mandados-pcsp%20(4)/node
_modules/vite/dist/node/chunks/dep-D4NMHUTW.js:46235:14)
    at async Object.defaultBuildApp [as buildApp] (file:///C:/User
s/Policial/OneDrive/%C3%81rea%20de%20Trabalho/2025/sistema-de-mand
ados-pcsp%20(4)/node_modules/vite/dist/node/chunks/dep-D4NMHUTW.js
:46713:5)
    at async CAC.<anonymous> (file:///C:/Users/Policial/OneDrive/%
C3%81rea%20de%20Trabalho/2025/sistema-de-mandados-pcsp%20(4)/node_
modules/vite/dist/node/cli.js:863:7)[39m
